// Vitest Snapshot v1, https://vitest.dev/guide/snapshot.html

exports[`translation keys > english keys match snapshot 1`] = `
[
  "dashboard.stock",
  "dashboard.title",
  "modules.billing.dashboard",
  "modules.core.dashboard",
  "modules.crm.dashboard",
  "modules.equipmentmaintenance.dashboard",
  "modules.floorplandesigner.dashboard",
  "modules.hrjobs.dashboard",
  "modules.inventory.dashboard",
  "modules.jobs.dashboard",
  "modules.kds.dashboard",
  "modules.loyalty.dashboard",
  "modules.marketplace.dashboard",
  "modules.membership.dashboard",
  "modules.notifications.dashboard",
  "modules.pos.dashboard",
  "modules.procurement.dashboard",
  "modules.qrordering.dashboard",
  "modules.rentals.dashboard",
  "modules.reports.dashboard",
  "modules.superadmin.dashboard",
  "welcome.title",
]
`;
